// Jest Snapshot v1, https://goo.gl/fbAQLP

exports[`riwayatbuku page render Navbar 1`] = `
{
  "asFragment": [Function],
  "baseElement": <body>
    <div>
      <div
        class="h-[0px]"
      >
        <nav
          class="fixed top-0 left-0 right-0 bg-primary p-3"
        >
          <div>
            <div
              class="flex"
            >
              <button
                class="cursor-pointer mr-[40px] ml-[50px]"
                id="burger-menu"
              >
                <img
                  alt="Burger Menu"
                  src="/icon/sandwichMenu.png"
                />
              </button>
              <div
                class="mr-[70px]"
              >
                <a
                  href="/koleksibuku"
                >
                  <img
                    alt="Library Logo"
                    src="/images/libraryLogo.svg"
                  />
                </a>
              </div>
              <div
                class="w-[600px] h-10 pl-4 flex items-center justify-center rounded-full px-4 duration-300 cursor-pointer bg-white"
              >
                <img
                  alt="Search Bar"
                  src="/images/searchBar.svg"
                />
                <input
                  class="text-[15px] ml-4 w-full bg-transparent focus:outline-none"
                  placeholder="Cari di LaBrary..."
                  value=""
                />
              </div>
              <div
                class="mr-[50px] pl-[207px]"
              >
                <img
                  alt="Default Profile Picture"
                  src="/images/ProfilePictureSideMenu.svg"
                />
              </div>
            </div>
          </div>
        </nav>
      </div>
    </div>
  </body>,
  "container": <div>
    <div
      class="h-[0px]"
    >
      <nav
        class="fixed top-0 left-0 right-0 bg-primary p-3"
      >
        <div>
          <div
            class="flex"
          >
            <button
              class="cursor-pointer mr-[40px] ml-[50px]"
              id="burger-menu"
            >
              <img
                alt="Burger Menu"
                src="/icon/sandwichMenu.png"
              />
            </button>
            <div
              class="mr-[70px]"
            >
              <a
                href="/koleksibuku"
              >
                <img
                  alt="Library Logo"
                  src="/images/libraryLogo.svg"
                />
              </a>
            </div>
            <div
              class="w-[600px] h-10 pl-4 flex items-center justify-center rounded-full px-4 duration-300 cursor-pointer bg-white"
            >
              <img
                alt="Search Bar"
                src="/images/searchBar.svg"
              />
              <input
                class="text-[15px] ml-4 w-full bg-transparent focus:outline-none"
                placeholder="Cari di LaBrary..."
                value=""
              />
            </div>
            <div
              class="mr-[50px] pl-[207px]"
            >
              <img
                alt="Default Profile Picture"
                src="/images/ProfilePictureSideMenu.svg"
              />
            </div>
          </div>
        </div>
      </nav>
    </div>
  </div>,
  "debug": [Function],
  "findAllByAltText": [Function],
  "findAllByDisplayValue": [Function],
  "findAllByLabelText": [Function],
  "findAllByPlaceholderText": [Function],
  "findAllByRole": [Function],
  "findAllByTestId": [Function],
  "findAllByText": [Function],
  "findAllByTitle": [Function],
  "findByAltText": [Function],
  "findByDisplayValue": [Function],
  "findByLabelText": [Function],
  "findByPlaceholderText": [Function],
  "findByRole": [Function],
  "findByTestId": [Function],
  "findByText": [Function],
  "findByTitle": [Function],
  "getAllByAltText": [Function],
  "getAllByDisplayValue": [Function],
  "getAllByLabelText": [Function],
  "getAllByPlaceholderText": [Function],
  "getAllByRole": [Function],
  "getAllByTestId": [Function],
  "getAllByText": [Function],
  "getAllByTitle": [Function],
  "getByAltText": [Function],
  "getByDisplayValue": [Function],
  "getByLabelText": [Function],
  "getByPlaceholderText": [Function],
  "getByRole": [Function],
  "getByTestId": [Function],
  "getByText": [Function],
  "getByTitle": [Function],
  "queryAllByAltText": [Function],
  "queryAllByDisplayValue": [Function],
  "queryAllByLabelText": [Function],
  "queryAllByPlaceholderText": [Function],
  "queryAllByRole": [Function],
  "queryAllByTestId": [Function],
  "queryAllByText": [Function],
  "queryAllByTitle": [Function],
  "queryByAltText": [Function],
  "queryByDisplayValue": [Function],
  "queryByLabelText": [Function],
  "queryByPlaceholderText": [Function],
  "queryByRole": [Function],
  "queryByTestId": [Function],
  "queryByText": [Function],
  "queryByTitle": [Function],
  "rerender": [Function],
  "unmount": [Function],
}
`;
